#-----------------------------------------------------------
# Vivado v2019.1 (64-bit)
# SW Build 2552052 on Fri May 24 14:49:42 MDT 2019
# IP Build 2548770 on Fri May 24 18:01:18 MDT 2019
# Start of session at: Sun Apr 30 18:42:38 2023
# Process ID: 29232
# Current directory: C:/Users/musama2/Documents/11/project_1
# Command line: vivado.exe -gui_launcher_event rodinguilauncherevent30056 C:\Users\musama2\Documents\11\project_1\project_1.xpr
# Log file: C:/Users/musama2/Documents/11/project_1/vivado.log
# Journal file: C:/Users/musama2/Documents/11/project_1\vivado.jou
#-----------------------------------------------------------
start_gui
open_project C:/Users/musama2/Documents/11/project_1/project_1.xpr
update_compile_order -fileset sources_1
launch_simulation
source characterization_testbench.tcl
run 10 us
run 10 ns
run 10 us
run 100 us
run 100 us
run 100 us
run 100 us
run 100 us
run 100 us
run 100 us
run 100 us
run 100 ms
current_wave_config {Untitled 1}
add_wave {{/characterization_testbench/INSTANT_PWR_CALC_1/output_data}} 
run 1 ms
close_sim
